Found 500 URIs to download
[1/500] Skipping (exists): 3c3ed3d4b5c6291d7dde704d5248f81f
[2/500] Skipping (exists): 751e84ab3e56fc5b16c7a2180285b526
[3/500] Skipping (exists): 127045c75b1e05f4289215dd09ae9634
[4/500] Skipping (exists): edf936c8d947edce4fa14c3e599082f6
[5/500] Skipping (exists): e695dacd3d44a8b8e2436580e758b919
[6/500] Skipping (exists): 05c9b37348adadbccf2fc85e90837f38
[7/500] Skipping (exists): 98269e06133e0b1eed0df4fd6e986768
[8/500] Skipping (exists): 6719f77e452fc33c9b988df95eb37aa9
[9/500] Skipping (exists): 3473d3e8aacec289efa0e8d2732fc1e4
[10/500] Skipping (exists): a269f02efd4cac9dbbc0c250d5b7b95b
[11/500] Skipping (exists): 4be79d8f210eefd73707f8c8cb9ce132
[12/500] Skipping (exists): c0b2f61e9bcd9d4fc97655220ba65af5
[13/500] Skipping (exists): 13aa6a118c466ac62169aacc3f3ec219
[14/500] Skipping (exists): 3b724e6d9bdb4158c4d6c003b7ea9718
[15/500] Skipping (exists): 84255c85b8698a373f281ac9393d28ab
[16/500] Skipping (exists): b723c0a6b322478652e00a3adc536572
[17/500] Skipping (exists): 171a8a3a7ddbb1032911e125b925f6de
[18/500] Skipping (exists): ef0be29f98f0c3c29a567f8d1525b002
[19/500] Skipping (exists): 339b663c1c7f56a85cc92a40a227cf0f
[20/500] Skipping (exists): 7cdbe28bd7fd9e8622a9995715114db9
[21/500] Skipping (exists): af888c7fcafacf20341e8b65b67d354c
[22/500] Skipping (exists): 7ec366e5020adce458a4b28100e1f36c
[23/500] Skipping (exists): eec2a1783980371f8e97071d82d429d4
[24/500] Skipping (exists): 712097dc3eb1c8c55094f5258d84fd98
[25/500] Skipping (exists): e4f48c51447d0eaeddabb81a68e48dae
[26/500] Skipping (exists): 69318110e2ae6793ccbaa86578c9d61a
[27/500] Skipping (exists): e6a8c147d73480c07ece3498d9401978
[28/500] Skipping (exists): 172480efeaa0d98a7987f2d13ec04dba
[29/500] Skipping (exists): f3f0318612c9f63af07d12936e9bd0bf
[30/500] Skipping (exists): 0cab10ffdf621c57d430c379de73fc00
[31/500] Skipping (exists): aaf92d0f177be659ccd6fff1f839146d
[32/500] Skipping (exists): 41ad3e0f99b157092624e7c5eab0a68a
[33/500] Skipping (exists): a121319582f50d66d4048868a97c202a
[34/500] Skipping (exists): c0617c260022183eb1cb3be16fd4a533
[35/500] Skipping (exists): ec5897469117373db12a4df05490373d
[36/500] Skipping (exists): 9dbe16684982fa1e2575333bda9e4da7
[37/500] Skipping (exists): bb56bf964f4af2151f235eb84ed8d3cf
[38/500] Skipping (exists): ac24f669de9b77887d9fe85415fb85c3
[39/500] Skipping (exists): ecb48a4c7e91cb534fcce0355326043f
[40/500] Skipping (exists): cca25aece2c08945274919fa6c14b941
[41/500] Skipping (exists): dede88447d661f9afb46cc0742ae7501
[42/500] Skipping (exists): abcbf44be98a0c301592490c58805586
[43/500] Skipping (exists): 9a07574941ac6d8fbda44ec7ea52b0b9
[44/500] Skipping (exists): f8d5b9d5f1efef4cadd56f1bcd132b75
[45/500] Skipping (exists): ae2703abbfb990fb34c5f1e3800a5ba5
[46/500] Skipping (exists): 5b3dc312b94c488a56040309e01c96b3
[47/500] Skipping (exists): 95edd602f1c5a10ffa16ced364723959
[48/500] Skipping (exists): 7c3d402518df7003a8aa5c521f34d3dd
[49/500] Skipping (exists): ec010dd88220e420256a1552b3213fc0
[50/500] Skipping (exists): 1d00962e2a7929685bc9eb4722a98fa9
[51/500] Skipping (exists): a9c37e7098152f03c3ad2f6300200cae
[52/500] Skipping (exists): d03fedd811983808ab9cbe760082668b
[53/500] Skipping (exists): 0574c6441a54955bd9347ee8d08b1c4d
[54/500] Skipping (exists): 788d64fc0364f4a8dfa407299b3f2c83
[55/500] Skipping (exists): 75ccd3d0105f16c860e14e50e3324e89
[56/500] Skipping (exists): 873827c0f74319fd039767cab268b8b6
[57/500] Skipping (exists): be5e55fcc42fe63cdaa55921eeeb812e
[58/500] Skipping (exists): 682fd73fbde597a6ead66718cfc5fb0e
[59/500] Skipping (exists): d280b29a913f8d46d344973171bd0abb
[60/500] Skipping (exists): cba3fee7775785371ee0fdbfab2dfb14
[61/500] Skipping (exists): c7c5e369813f5d558689ef84741e6d9a
[62/500] Skipping (exists): 09888b1bd9e7fe4160d457f2f9f36fd1
[63/500] Skipping (exists): 2f8364ee9ec945cd0fd87b99fd1a15e5
[64/500] Skipping (exists): d92f56894fbffc52260512c859e2b170
[65/500] Downloading: https://odu.campusgroups.com/csgs/home/
  ✗ Error: 403 Client Error: Forbidden for url: https://odu.c
[66/500] Skipping (exists): dd2ca8a9bdcf1ac933c7741dfb8ce18e
[67/500] Skipping (exists): 1201dfbb4678715df63998d245f032d3
[68/500] Skipping (exists): b8d597ae5a696d44822eb8287410ecbc
[69/500] Skipping (exists): 22a36874d507a1b7852f507b7e4c122a
[70/500] Skipping (exists): 1cda585d00a60b95d32139505d008c3a
[71/500] Skipping (exists): 74da26bbdc94017c70adc6be2ecbea0d
[72/500] Skipping (exists): 9fc1de8a27cd8d68904c5d3ed88f9a08
[73/500] Skipping (exists): 3302b18f4541b4f4102b9b1d21f0c6b3
[74/500] Skipping (exists): 98e1783dc16b85c76151e76c70c02b44
[75/500] Skipping (exists): 2bf27f4f218d437374c4329c91ca6644
[76/500] Skipping (exists): 204eed662fbf733dfdf721682f064ddc
[77/500] Skipping (exists): 44766778219d7e3c0d37c2a8e52af8bb
[78/500] Skipping (exists): f7c5749b55f3cc79d607e34d9caa8f67
[79/500] Skipping (exists): ca72535c019051e7717f7618b00d1969
[80/500] Skipping (exists): 59905ca637b54e8e9850ed670a1c6b26
[81/500] Skipping (exists): 2d06243fd100b1eae438c310c3414df2
[82/500] Skipping (exists): 554a8e3b0af90c4285557c62bbac9d17
[83/500] Skipping (exists): aa1578abcba147bec7d31edfc9d6c499
[84/500] Skipping (exists): f94683b8bcb3e7a8e04c90b7b0275fc2
[85/500] Skipping (exists): 310d73b8d1b4933a55c825448c14b74c
[86/500] Skipping (exists): 250a8c6c054eaa20c4ec36ffa21992df
[87/500] Skipping (exists): 46e9613fbbc99c9bb7777db48fff3456
[88/500] Skipping (exists): 754fdc4bc0d4696145e8e22005c7e063
[89/500] Skipping (exists): 3d19dd84cd261b9fb7e551c477f2c087
[90/500] Skipping (exists): b78ef5e2a6548a4696429e11c2b2e07e
[91/500] Skipping (exists): 0e8dba2db9df747f2b8fd57d7336db21
[92/500] Skipping (exists): 74fd92c7eadc0a9661295c6af407db22
[93/500] Skipping (exists): f27c31532c964d59f64cc56cd1562320
[94/500] Skipping (exists): a51e6a97cd474c064846d7c297f4db93
[95/500] Skipping (exists): aead3cbf119419e2afec94bb957b46d3
[96/500] Skipping (exists): 0caa4b6819abb9a7f82ec301621b42de
[97/500] Skipping (exists): 0139e9a5e6882209231185b3143a5c0a
[98/500] Skipping (exists): dd43b1d7e17786f64c83c681616738d3
[99/500] Skipping (exists): b40fc3df0550267698e8d35e6510d6a2
[100/500] Skipping (exists): fbc5aceb7e27ba8cef9e1d769cb2c2cc
[101/500] Skipping (exists): 2dd0644f7d960c1130a2f842a3ddf1d5
[102/500] Skipping (exists): 0642832fd8b396453b6419d8e63a7189
[103/500] Skipping (exists): 53beb92a874eca98ca4f75d82915dd07
[104/500] Skipping (exists): 8bd283c5ac392610d3bf811617be53b2
[105/500] Skipping (exists): 166567ee32dd99eb2ce9381dc4cef670
[106/500] Skipping (exists): 2e9672848ee874fbf26ebfa5093871c0
[107/500] Skipping (exists): b60ca9e8c0a1f09b1a108ffaf29ae590
[108/500] Skipping (exists): 78cc9ec18f0bfaa18b3b1cee0d7a602d
[109/500] Skipping (exists): d057c3c5c72f5200bcd08a3c5636d8c8
[110/500] Skipping (exists): b42a02f2e95bb8a1347324393a137f7d
[111/500] Skipping (exists): a5b3adc6acb894c87b22e1f87dcd3277
[112/500] Skipping (exists): 98a92b3751aac749dea40e29a084b4b8
[113/500] Skipping (exists): b3fbd0f4c9dfea7447801807ee817223
[114/500] Skipping (exists): c40b81f2ae7dece336563eeb95e19d32
[115/500] Skipping (exists): 1601298a8b5a0bfc64297d2ff170cb5d
[116/500] Skipping (exists): c4dcb22ebd6908f82eb8def30c622f98
[117/500] Skipping (exists): c7e56ab2204f16911bfce14c865a3525
[118/500] Skipping (exists): 19fe7b04e45a1f08515714621a0873a1
[119/500] Skipping (exists): cc9d31d2c54289c65cc98e672e7ba7fc
[120/500] Skipping (exists): c6cb43210af0a2e8b0d360aefe4cd41c
[121/500] Skipping (exists): 4b24b4ae8d2ac59655f79c88da53095e
[122/500] Skipping (exists): 035e6b199bf5201db0320e92b8444c31
[123/500] Skipping (exists): 47ea71d9976451496b3fd62183f8c9b0
[124/500] Skipping (exists): 89d8e8c822467aa60b1578776e861ffa
[125/500] Skipping (exists): be70929973c89b2935eeb3039f092449
[126/500] Skipping (exists): 1034032e5de2a4fe79702a5e35ae573a
[127/500] Skipping (exists): 86452d51615b9d3972031cdc35edd640
[128/500] Skipping (exists): d18146341ed7a99e6b81ee36969d38e4
[129/500] Skipping (exists): 4070701955f558e5fb4697ce39d44f65
[130/500] Skipping (exists): 6668fcf920433c2ced752c0aafd95958
[131/500] Downloading: https://ww2.odu.edu/~agodunov/hipsters/
  ✓ Saved to 0d43fbf6429a9c59f705db76cedc94a7.html
[132/500] Downloading: https://www.givecampus.com/campaigns/47190/donations/new
  ✗ Error: 403 Client Error: Forbidden for url: https://www.g
[133/500] Downloading: https://www.jpmorganchase.com/
  ✓ Saved to 6b0427e9abeabeb14d6fdeca391a62d9.html
[134/500] Downloading: https://www.linkedin.com/
  ✓ Saved to 4ef43251f927ec95d634420e5f3aad7a.html
[135/500] Downloading: https://www.linkedin.com/company/oduccld/
  ✓ Saved to dbe129961682a6b42d9ce374ea616aa4.html
[136/500] Downloading: https://www.linkedin.com/school/old-dominion-university/
  ✓ Saved to f00d8d088d82dc59601f31387495e46a.html
[137/500] Downloading: https://www.norfolk.gov/4803/CivicLab-Norfolk
  ✓ Saved to 84f660b9467d3d02c61579c942b9843b.html
[138/500] Downloading: https://www.norfolk.gov/DocumentCenter/View/70004/Open-Data-Scavenger-Hunt-PDF?bidId=
  ✓ Saved to d426bb29fd75101aeb31d62389033927.html
[139/500] Downloading: https://www.odu.edu/
  ✓ Saved to bfcbd7c748d59fdbc5577435671dc5b1.html
[140/500] Downloading: https://www.odu.edu/about/contact
  ✓ Saved to a49f1b6607df342fba38621cc1b95eb1.html
[141/500] Downloading: https://www.odu.edu/about/support-odu/foundations
  ✗ Error: 404 Client Error: Not Found for url: https://www.o
[142/500] Downloading: https://www.odu.edu/acadaffairs/directory
  ✓ Saved to 652525647991e7013e17a5357536e32a.html
[143/500] Downloading: https://www.odu.edu/academics
  ✓ Saved to 363f8db0dd4c8a83218aa5c8ba3027e2.html
[144/500] Downloading: https://www.odu.edu/academics/academic-records/degree-evaluation
  ✓ Saved to 5b3d191f47621ff82a870019886bcaea.html
[145/500] Downloading: https://www.odu.edu/academics/academic-records/grades
  ✓ Saved to 39992768990df6299b1742e1b21c1375.html
[146/500] Downloading: https://www.odu.edu/academics/academic-records/holds
  ✓ Saved to b84d2669e809b68f531ea69aa14473dd.html
[147/500] Downloading: https://www.odu.edu/academics/academic-records/score-analysis/ap-ib
  ✓ Saved to 65470e96c844070729e8250879d8dc35.html
[148/500] Downloading: https://www.odu.edu/academics/academic-records/score-analysis/clep-dantes
  ✓ Saved to 54322376a7908a9b599a194e57b086c2.html
[149/500] Downloading: https://www.odu.edu/academics/academic-records/score-analysis/sat-act
  ✓ Saved to 095c8dc813f0718e49118b6871f23980.html
[150/500] Downloading: https://www.odu.edu/academics/programs
  ✓ Saved to 677c7305d7d6668d0dcad0c986f68b6c.html
[151/500] Downloading: https://www.odu.edu/academics/programs/computer-science-for-teachers-graduate-certificate
  ✓ Saved to 7b673c073c5cf39d0c898ac286ffdbdf.html
[152/500] Downloading: https://www.odu.edu/academics/programs/curriculum-sheets
  ✓ Saved to 4bfc7bee4e7d678da78a007953fec209.html
[153/500] Downloading: https://www.odu.edu/academics/programs/linked/computer-science
  ✓ Saved to 25df369ee0b8c502cbc8df9bea888cd0.html
[154/500] Downloading: https://www.odu.edu/academics/programs/minor/computer-engineering
  ✓ Saved to 414cd626bb41ac13e414dba2ea9eb86e.html
[155/500] Downloading: https://www.odu.edu/academics/programs/minor/computer-science
  ✓ Saved to db4a98f28ddb72fdb035a739d534afc4.html
[156/500] Downloading: https://www.odu.edu/academics/programs/minor/cybersecurity
  ✓ Saved to 963d2d3f2962142d3e1a4fddc6f5680e.html
[157/500] Downloading: https://www.odu.edu/academics/programs/minor/engineering-management
  ✓ Saved to 7e37078417f6f6d88774ccdbd74f7a73.html
[158/500] Downloading: https://www.odu.edu/academics/programs/minor/english
  ✓ Saved to a104a9cfd7a0eac8b7ab9493035c8fb5.html
[159/500] Downloading: https://www.odu.edu/academics/programs/minor/mathematics
  ✓ Saved to c57789a04f6ebf6fe8660746dc666f58.html
[160/500] Downloading: https://www.odu.edu/academics/programs/minor/web-programming
  ✓ Saved to 82146df87c509ddaa3488179205d642b.html
[161/500] Downloading: https://www.odu.edu/academics/programs/undergraduate/computer-science
  ✓ Saved to dbbe64b4d38e13ec10d4942e204745c4.html
[162/500] Downloading: https://www.odu.edu/academics/programs/undergraduate/computer-science-teaching
  ✓ Saved to 6b70306e81d5718e5742a584ddab6862.html
[163/500] Downloading: https://www.odu.edu/academics/programs?field_degree_type_target_id%5B0%5D=2682
  ✓ Saved to 2de181689e8abf8ae7506f0c8b58aa88.html
[164/500] Downloading: https://www.odu.edu/academics/programs?field_degree_type_target_id%5B0%5D=2683&field_degree_type_target_id%5B1%5D=2684
  ✓ Saved to 8c8a670f4cc7f01c65608d85a26cfd63.html
[165/500] Downloading: https://www.odu.edu/accessibility
  ✓ Saved to c61557a8180008bbd03185ba83ea2b1f.html
[166/500] Downloading: https://www.odu.edu/administrative-banner-systems/leo-online
  ✓ Saved to b5f7e08d8041244faed3e5263158f2da.html
[167/500] Downloading: https://www.odu.edu/admission/international/process/answers
  ✓ Saved to 2e34664843decfdd46b4b32c98c874ca.html
[168/500] Downloading: https://www.odu.edu/admission/request-info
  ✓ Saved to d11ba8c54736ba8e56ba732ba3864993.html
[169/500] Downloading: https://www.odu.edu/admissions
  ✓ Saved to f810bcfe78970ae45c43a3a228aeb461.html
[170/500] Downloading: https://www.odu.edu/admissions/hispanic-and-latino-admissions-resources
  ✓ Saved to d6c3a251c89232f92f78fc3d898d1d53.html
[171/500] Downloading: https://www.odu.edu/advising
  ✓ Saved to bfa458b65dc056561d1cedad13f63583.html
[172/500] Downloading: https://www.odu.edu/advising/directory
  ✓ Saved to 6c7b75c22d446d2cd373003eaf67f370.html
[173/500] Downloading: https://www.odu.edu/ails
  ✓ Saved to 717221c02d7f2a8ff487f28bd084da29.html
[174/500] Downloading: https://www.odu.edu/ails/academic-success-mentoring
  ✓ Saved to 7bc6bd08502795f154a1bc3841512e50.html
[175/500] Downloading: https://www.odu.edu/ails/academic-tips-resources
  ✓ Saved to b32acced5bd6606daebf92770dbbf7db.html
[176/500] Downloading: https://www.odu.edu/ails/directory
  ✓ Saved to 434c1dda2d95524fe8ab326291dcd572.html
[177/500] Downloading: https://www.odu.edu/ails/eportfolio
  ✓ Saved to fc990144b5d721ddd273e5991bce0a54.html
[178/500] Downloading: https://www.odu.edu/ails/eportfolio/gallery
  ✓ Saved to 4ededca3102e9834504eccdeb3f34a72.html
[179/500] Downloading: https://www.odu.edu/ails/eportfolio/student-resources
  ✓ Saved to 3deb06a41188bcb6e0d647f62f065be0.html
[180/500] Downloading: https://www.odu.edu/ails/eportfolio/tutorials
  ✓ Saved to d14dc4a5a59ce911b8763ec783c8450a.html
[181/500] Downloading: https://www.odu.edu/ails/impact-learning-communities
  ✓ Saved to 8faed09730566fc6511f00b73a88ff11.html
[182/500] Downloading: https://www.odu.edu/ails/leaders
  ✓ Saved to f893f24e42748a404a92a321cd1e3cff.html
[183/500] Downloading: https://www.odu.edu/ails/leaders-courses
  ✓ Saved to 201f019cb27a697abe658fdae800179a.html
[184/500] Downloading: https://www.odu.edu/ails/leaders-eportfolio
  ✓ Saved to 25c2773600140de4ed6e1a9aa3bbad45.html
[185/500] Downloading: https://www.odu.edu/ails/leaders-faculty
  ✓ Saved to 3d5d16dbcb9ea17ddab030f59150cf70.html
[186/500] Downloading: https://www.odu.edu/ails/leaders-qa
  ✓ Saved to 6d26e6f6e76e9fc15a8087ad7d69d0c8.html
[187/500] Downloading: https://www.odu.edu/ails/tutorials
  ✓ Saved to 9c02332f7ae9f69ffe64ee0a784ace73.html
[188/500] Downloading: https://www.odu.edu/al/centers/writing-center
  ✓ Saved to 855b45bf6e84858fbdf54c063ac9e475.html
[189/500] Downloading: https://www.odu.edu/alumni
  ✓ Saved to fbd8efaf8f277ac392a7a64a2e198150.html
[190/500] Downloading: https://www.odu.edu/apply
  ✓ Saved to dde8c2a4a6721a3d087f702f3b0eef25.html
[191/500] Downloading: https://www.odu.edu/apply/applications
  ✓ Saved to 0881d05aff1402c39da8528800f5d641.html
[192/500] Downloading: https://www.odu.edu/article/13-million-federal-grant-will-prepare-underrepresented-odu-students-for-doctoral-work
  ✓ Saved to 7d3c611acca2b3fdadbd90f5d41b842c.html
[193/500] Downloading: https://www.odu.edu/article/building-skills-and-confidence-through-a-new-campus-cybersecurity-hands-learning
  ✓ Saved to c995b088b53cb0a513230e26d40677cd.html
[194/500] Downloading: https://www.odu.edu/article/class-of-2023-three-siblings-yemen-to-graduate-same-day
  ✓ Saved to 614fc98344578dd1cf2ea3c7e49b419f.html
[195/500] Downloading: https://www.odu.edu/article/class-of-2024-husband-and-wife-graduate-together-computer-science-degrees
  ✓ Saved to 407dad60c2b2c48f1148061097785662.html
[196/500] Downloading: https://www.odu.edu/article/class-of-2024-spanish-grad-student-set-to-make-mark-sports-industry
  ✓ Saved to 9025cff8e3168f6c329157f0ea2cc1f2.html
[197/500] Downloading: https://www.odu.edu/article/class-of-2025-family-traditions-to-cyber-missions-at-old-dominion-university
  ✓ Saved to 1c1bcfe081209d7fa65507d2d6f4d230.html
[198/500] Downloading: https://www.odu.edu/article/class-of-2025-international-studies-doctoral-graduate-edward-moses
  ✓ Saved to 2186466e66233e34d9216e73e705442c.html
[199/500] Downloading: https://www.odu.edu/article/class-of-2025-leilani-harpster-charts-a-path-for-a-career-the-blue-economy
  ✓ Saved to 595c1660fb0e049c950b9ac391eacb03.html
[200/500] Downloading: https://www.odu.edu/article/class-of-2025-may-salama-maternal-health-researcher-becomes-old-dominion-universitys-first
  ✓ Saved to 97754dec525618d98df849069e88d8d5.html
[201/500] Downloading: https://www.odu.edu/article/class-of-2025-ruth-sirma-graduates-workforce-ready-a-masters-economics
  ✓ Saved to 4c4763d149bbc9b8c8a87738146e892c.html
[202/500] Downloading: https://www.odu.edu/article/computer-science-doctoral-candidate-wins-odus-3mt-competition
  ✓ Saved to 37f5016bab7a5e9951363d67201ca1c1.html
[203/500] Downloading: https://www.odu.edu/article/faculty-panel-to-discuss-impact-of-ai-higher-education
  ✓ Saved to e964b7c64b22a1f993dae357d17d00aa.html
[204/500] Downloading: https://www.odu.edu/article/g-rise-scholars-enjoy-once-a-lifetime-trip-to-south-africa
  ✓ Saved to 28d092fa1b4598311ef13807ca3ca8b7.html
[205/500] Downloading: https://www.odu.edu/article/mellon-foundation-humanities-internship-grant-sees-its-first-impact-for-odu-students
  ✓ Saved to 30eac631e38c10727a55dae1a85b6b55.html
[206/500] Downloading: https://www.odu.edu/article/more-two-dozen-rotc-graduates-are-recognized-at-joint-commissioning-ceremony
  ✓ Saved to 0161d5e73cd420e302572dc1aa0964eb.html
[207/500] Downloading: https://www.odu.edu/article/mother-daughter-engineers-share-special-induction-moment-at-odu
  ✓ Saved to a3c3b73431e5d5518e07a571d0742c99.html
[208/500] Downloading: https://www.odu.edu/article/naro-video-odu-libraries-now-open-to-the-public
  ✓ Saved to b5b87d8132a4776e7a89c633ff951c68.html
[209/500] Downloading: https://www.odu.edu/article/odu-again-ranked-among-top-universities-us-news-world-report
  ✓ Saved to f66b3b60225f209090b6bbc6570929f9.html
[210/500] Downloading: https://www.odu.edu/article/odu-computer-science-alumnus-excels-as-data-expert
  ✓ Saved to 06b01e56a9d05d52ad53c3edce680162.html
[211/500] Downloading: https://www.odu.edu/article/odu-grad-students-place-third-at-inaugural-hampton-roads-datathon
  ✓ Saved to 03f6f222d58c550dc3cedc1172aa5a82.html
[212/500] Downloading: https://www.odu.edu/article/odu-graduate-led-teams-developing-apples-new-iphone-and-ios-0
  ✓ Saved to 729e7fe6a4397c6568288eddebc36603.html
[213/500] Downloading: https://www.odu.edu/article/odu-helps-fill-virginias-need-for-more-computer-science-teachers
  ✓ Saved to 2a4f4f765976d1c471189478318b2d0a.html
[214/500] Downloading: https://www.odu.edu/article/odu-places-no-1-among-virginia-public-institutions-military-times-best-for-vets-2022
  ✓ Saved to f1982c9ea16ce1942178fc31e306e022.html
[215/500] Downloading: https://www.odu.edu/article/odu-ranked-as-a-top-institution-us-news-world-report
  ✓ Saved to 5cc6d45bd3480012d65cfc5a298ff083.html
[216/500] Downloading: https://www.odu.edu/article/odus-project-i-hear-topples-barriers-to-health-care-trains-future-professionals
  ✓ Saved to c28f54be26c8562bd3e4be07a2992e17.html
[217/500] Downloading: https://www.odu.edu/article/old-dominion-university-boosts-student-success-expanded-support-and-early-interventions
  ✓ Saved to 8b04dc79b7b86fb40b4eabbee42efd62.html
[218/500] Downloading: https://www.odu.edu/article/president-to-host-sept-8-symposium-artificial-intelligence-education
  ✓ Saved to 151f22582112f5dd34c586760b3dd21f.html
[219/500] Downloading: https://www.odu.edu/article/the-patricia-w-and-j-douglas-perry-library-celebrates-50-years
  ✓ Saved to b369b8dca8be11ea1103201057c41fd0.html
[220/500] Downloading: https://www.odu.edu/article/using-ai-to-protect-a-computer-science-students-second-chance
  ✓ Saved to 42c121c96428b31e1cb4b12490931209.html
[221/500] Downloading: https://www.odu.edu/article/well-being-services-at-the-srwc
  ✓ Saved to 6b24dbf822b58ae9664869aac8161312.html
[222/500] Downloading: https://www.odu.edu/arts-letters
  ✓ Saved to f7edd66e9b455d59b5db8001ed57eaf4.html
[223/500] Downloading: https://www.odu.edu/brave-space
  ✓ Saved to 12b57b843dc65e8a5566589e2a75edb2.html
[224/500] Downloading: https://www.odu.edu/business
  ✓ Saved to 07c514e72fc24e6365173efb3900bf98.html
[225/500] Downloading: https://www.odu.edu/career-leadership
  ✓ Saved to b4c428ca45763960bcf72df459a546dc.html
[226/500] Downloading: https://www.odu.edu/career-leadership/about
  ✓ Saved to b497c89388f96702f085928ec9fd84e4.html
[227/500] Downloading: https://www.odu.edu/career-leadership/alumni
  ✓ Saved to 1a1a733b02d8139f3b23eb8318c79694.html
[228/500] Downloading: https://www.odu.edu/career-leadership/career-coaching-job-search
  ✓ Saved to 179b3aeaac12bfcc993fafa3eab60321.html
[229/500] Downloading: https://www.odu.edu/career-leadership/career-fairs
  ✓ Saved to 35eeb6e2f4f3f1cfe5ad631bc653bdd0.html
[230/500] Downloading: https://www.odu.edu/career-leadership/directory
  ✓ Saved to 87d65e940f7b2b3e39d9da9cdb019277.html
[231/500] Downloading: https://www.odu.edu/career-leadership/employer-resources
  ✓ Saved to a199cabc61ce45fc04233e67d129dfc0.html
[232/500] Downloading: https://www.odu.edu/career-leadership/employer-resources/advisory-board
  ✓ Saved to c96db28a77cd7351db4ac46b7be33a15.html
[233/500] Downloading: https://www.odu.edu/career-leadership/employer-resources/employer-partners
  ✓ Saved to c91a2068f30d150677210d2924499be6.html
[234/500] Downloading: https://www.odu.edu/career-leadership/events
  ✓ Saved to 1c2500dc5aef9cc75844ec6b62b3a97b.html
[235/500] Downloading: https://www.odu.edu/career-leadership/experience
  ✓ Saved to 442b1164322b0f9c2dbe47156a04b770.html
[236/500] Downloading: https://www.odu.edu/career-leadership/experiential-learning
  ✓ Saved to c62c434ac3225cd1359ef4fa95bb7208.html
[237/500] Downloading: https://www.odu.edu/career-leadership/faculty
  ✓ Saved to dc6c4defad782185dbc6a35276ae44aa.html
[238/500] Downloading: https://www.odu.edu/career-leadership/faculty/career-champions
  ✓ Saved to a3708d47b44a7c159a4bedda6aec12c8.html
[239/500] Downloading: https://www.odu.edu/career-leadership/faculty/classroom-presentations
  ✓ Saved to b03d7ca470ac4ee2ca5d6c3797f458f1.html
[240/500] Downloading: https://www.odu.edu/career-leadership/faculty/reference-letters
  ✓ Saved to 80f464b606c0b62f835de714c1dda5ff.html
[241/500] Downloading: https://www.odu.edu/career-leadership/faculty/referrals
  ✓ Saved to 180561c7d3cbc6a86dd1012aca4c0f2a.html
[242/500] Downloading: https://www.odu.edu/career-leadership/faculty/student-employment
  ✓ Saved to f80e7cd3291ec4bd630852517e3cab4e.html
[243/500] Downloading: https://www.odu.edu/career-leadership/handshake
  ✓ Saved to da90302c3d9bf303570ff68a5c9a34e0.html
[244/500] Downloading: https://www.odu.edu/career-leadership/leadership-development
  ✓ Saved to 44c0f829346e824487938e1e5b6538ac.html
[245/500] Downloading: https://www.odu.edu/career-leadership/living-learning-theme-communities
  ✓ Saved to f3c8f5157f5a66ecdde45b0f35266b93.html
[246/500] Downloading: https://www.odu.edu/career-leadership/odu-career-summit
  ✓ Saved to 9b3ad8921f5deec9d99eb26d5400e2a1.html
[247/500] Downloading: https://www.odu.edu/career-leadership/quinncia
  ✓ Saved to c955c0cd31b154f2d45f2c7040978e4b.html
[248/500] Downloading: https://www.odu.edu/career-leadership/resources
  ✓ Saved to 41394b9e526be14aa15bb7ed29404bfc.html
[249/500] Downloading: https://www.odu.edu/career-leadership/service-learning
  ✓ Saved to 9a9cfaa130d9f4306002ce3939b144d6.html
[250/500] Downloading: https://www.odu.edu/career-leadership/students
  ✓ Saved to 47fa81c918e4bb53b59556033fd76660.html
[251/500] Downloading: https://www.odu.edu/career-leadership/students/finding-a-job
  ✓ Saved to e5ebe0540197abaf379d1d251cd17bc1.html
[252/500] Downloading: https://www.odu.edu/chemistry/new-building
  ✓ Saved to f8b3ca1bfba1075451ba750fdda43217.html
[253/500] Downloading: https://www.odu.edu/colleges
  ✓ Saved to d6dc73f8c8f9d5da50ba52369cd560fb.html
[254/500] Downloading: https://www.odu.edu/computer-science
  ✓ Saved to e9e24fd09e13ad1fb2ea8ec04a00732c.html
[255/500] Downloading: https://www.odu.edu/computer-science/academics
  ✓ Saved to ce147fe31bb64649e4e6739eac694789.html
[256/500] Downloading: https://www.odu.edu/computer-science/academics/graduate
  ✓ Saved to 130406fdb7180205bacc893a14886a0e.html
[257/500] Downloading: https://www.odu.edu/computer-science/academics/graduate/assistantships
  ✓ Saved to 4b48884ed2239986effdc9f7fb7fc1c3.html
[258/500] Downloading: https://www.odu.edu/computer-science/academics/graduate/masters
  ✓ Saved to 2538ca5a1dd7cec44d727d836cf64387.html
[259/500] Downloading: https://www.odu.edu/computer-science/academics/graduate/phd
  ✓ Saved to 9497752f8c3f8389eeff46f83b4ebe62.html
[260/500] Downloading: https://www.odu.edu/computer-science/academics/graduate/phd/admissions
  ✓ Saved to 5a8f569757d8de697c849f6213661cbe.html
[261/500] Downloading: https://www.odu.edu/computer-science/academics/undergraduate
  ✓ Saved to 85e357a9341b23875dc86e5cda474044.html
[262/500] Downloading: https://www.odu.edu/computer-science/academics/undergraduate/new-student-hub
  ✓ Saved to 39395e8247c7605c44b8ab4181782cfc.html
[263/500] Downloading: https://www.odu.edu/computer-science/academics/undergraduate/new-student-hub/freshman-checklist
  ✓ Saved to 35789cde4f08528fc8f59844bc3b16a6.html
[264/500] Downloading: https://www.odu.edu/computer-science/academics/undergraduate/new-student-hub/preregistration-advising
  ✓ Saved to 5a57aff54eb284aa91f99e890ad439d0.html
[265/500] Downloading: https://www.odu.edu/computer-science/academics/undergraduate/new-student-hub/transfer-checklist
  ✓ Saved to 1830a6cdfeee77bf0ba0211e259bfbb8.html
[266/500] Downloading: https://www.odu.edu/computer-science/advising
  ✓ Saved to e8e82f5a92b451415db3a87e293cbbf5.html
[267/500] Downloading: https://www.odu.edu/computer-science/advising/exit-exam
  ✓ Saved to 6d11d9cb251024ade228502c7c52af10.html
[268/500] Downloading: https://www.odu.edu/computer-science/advising/faq
  ✓ Saved to 9122a1647296fe948c9f106143309588.html
[269/500] Downloading: https://www.odu.edu/computer-science/advising/undergrad-advising
  ✓ Saved to ae24c6f3eebc37d83db3a4bf86338a67.html
[270/500] Downloading: https://www.odu.edu/computer-science/advisory-board
  ✓ Saved to 4bc81f93d837c23217c09f5508840531.html
[271/500] Skipping (exists): be573d090f32a207edaa72e3c422e9f5
[272/500] Skipping (exists): 9cd1565c6dcbc563d0316e671c71f96d
[273/500] Skipping (exists): e31022c04bad097ee561e95aeab7ead2
[274/500] Skipping (exists): b09d27ee1aad09e9126d2021ef3adade
[275/500] Skipping (exists): 903d3714b5d894541ea90f6ff14680d8
[276/500] Skipping (exists): c4d96ff689c7b651cf4afe947df17a8c
[277/500] Skipping (exists): 5d2917693a3fd2b0cafc0f57e3ffbc67
[278/500] Downloading: https://www.odu.edu/computer-science/forms
  ✓ Saved to ec3f43024f448e1c54d046562ca03f2e.html
[279/500] Downloading: https://www.odu.edu/computer-science/forms/ms-student-courses
  ✓ Saved to 3592deb670d8fed012a080864736d357.html
[280/500] Skipping (exists): 06a4e4afc6909c7a21a37c95e0160413
[281/500] Skipping (exists): 54e83f43ba859fd7d232ec525d3950cc
[282/500] Skipping (exists): b807f109612c8fdf8a42d19135f3fa92
[283/500] Skipping (exists): 0244409fb54608fc30fc782e9254f0a5
[284/500] Skipping (exists): 2be2ee08123b7f3a1ddb59c5b38c4de9
[285/500] Downloading: https://www.odu.edu/computer-science/news?page=0
  ✓ Saved to 965140479981a6dcc095eb1c3866012a.html
[286/500] Downloading: https://www.odu.edu/computer-science/news?page=1
  ✓ Saved to bc0c4752378bb42e6c0dbba32f82dfb7.html
[287/500] Downloading: https://www.odu.edu/computer-science/news?page=2
  ✓ Saved to b34f24ca1409264866b9ea011d5fc5a4.html
[288/500] Skipping (exists): 21c7ffdcb4ab2df08f20164a720d9538
[289/500] Skipping (exists): 73537582cbb3153e3017bd71e729065a
[290/500] Skipping (exists): 1d520dcb477392e94e77d06df7f559f2
[291/500] Skipping (exists): 14057601c062f78d5bf7d579e886e4c3
[292/500] Skipping (exists): b3f756cf3bc612cee52c96df6622f665
[293/500] Skipping (exists): 394fde8ce4ab28d2c4aa157f735343eb
[294/500] Skipping (exists): 83cbc3cff7fda63d40f17159f78e304e
[295/500] Skipping (exists): a04e372241d3f1f54a49c513b5709747
[296/500] Skipping (exists): 6d85a4788185f24554bfb9c27710ce0e
[297/500] Skipping (exists): 9205c63398fa751ae2c2852722b2a29b
[298/500] Skipping (exists): 569ab9958447fdea9bbd56ff6f4f6414
[299/500] Skipping (exists): d8b7d1da246b040af25d130663e0ebc4
[300/500] Skipping (exists): cd839c513eed469458729fba5e77c565
[301/500] Skipping (exists): fb6e726b73374ba32acf2cc3ee975e71
[302/500] Skipping (exists): 267947853da0c4cabea57c11c8c1a601
[303/500] Skipping (exists): 924b778f6ecbf031abd961f7db6760b2
[304/500] Skipping (exists): 36335f91976c4ce4dea18573ca3a7235
[305/500] Skipping (exists): 3f83fa0f62605134fd333d87f65ca980
[306/500] Skipping (exists): 38f67749ff2cf8f8b80473731513ffa1
[307/500] Skipping (exists): 313790169eeeb75ed9b3f0538afa9955
[308/500] Skipping (exists): 1db7b5ccb4dbbfb4f684cd9c8e38e643
[309/500] Skipping (exists): 512a9d8ae499874a9637b36f930bcfdd
[310/500] Skipping (exists): 99bcab1c5813ad2d67dee1dddc914f5b
[311/500] Skipping (exists): 51c9df0c84adb4e489a3704763ce8319
[312/500] Skipping (exists): 2c8822e9739571650178e3a1f7bead26
[313/500] Skipping (exists): 74bddf8cc8e547e745740d1f4b387b02
[314/500] Skipping (exists): 495e4598657e942ed31d5e01039156b5
[315/500] Skipping (exists): daf4d54005e8dbfa2803c51289fd0450
[316/500] Skipping (exists): 5c7052f770979373e1b0a69a746e159e
[317/500] Skipping (exists): 20e6bf372c3462d6267a5b02d727a1ff
[318/500] Skipping (exists): 47d4cf38c5d82ed8750c6122648419be
[319/500] Skipping (exists): 49dfff9bd314faa92af55da787f92a36
[320/500] Skipping (exists): 0048e24833835dc2b606f82ee090dcbd
[321/500] Skipping (exists): 0b547af2efad17b66221ccf0a9950110
[322/500] Skipping (exists): 15cf6b8ad701ee5a07331b8577862272
[323/500] Skipping (exists): 975d068141281f97c439c4e736825e81
[324/500] Skipping (exists): 4188f2130be998c0b93317959d45e87a
[325/500] Skipping (exists): 45d0b01a9ec0986878a65110a3674e7a
[326/500] Skipping (exists): 05c039dde5d4a96fc7716c8d8440d8c2
[327/500] Skipping (exists): 5ec0eff54a63a2fcbf7513e7487deea3
[328/500] Skipping (exists): 649ac01335e2bb1cb8ebedaf855eef03
[329/500] Downloading: https://www.odu.edu/directory/soad-ibrahim
  ✓ Saved to b0ad3a9a52466a109b803c4479f80b75.html
[330/500] Skipping (exists): e94e61aa85e94dedaa327cde9e08d978
[331/500] Skipping (exists): 6b4af7fedd55ff743b146245a48e111b
[332/500] Skipping (exists): 960ee6e422a99652eb809c72aad039d1
[333/500] Skipping (exists): c8cc84d4beffe61502df5911e017d175
[334/500] Skipping (exists): f2a7dbd010947f1c8d0f3cd91047db05
[335/500] Skipping (exists): 42c37ee0548a21f274f46802aa302c77
[336/500] Skipping (exists): 5ab9b17049bdb9fe286a60cb8e6ebe26
[337/500] Skipping (exists): 5a5243e28c3bc215ca772578eff4996b
[338/500] Skipping (exists): 514b94ef4a21c25f139d1c82e382b9cc
[339/500] Skipping (exists): d682a138802ffee15de456b524177b62
[340/500] Skipping (exists): 49997d547e4ebe5079296dbe9f5aded1
[341/500] Skipping (exists): a1a57b3663c1160cf756bb5bdea4e83a
[342/500] Skipping (exists): 2b5f9d234790d3ee36d95ee0b96f2c99
[343/500] Skipping (exists): 869e06f59268d197e5ac07272b37a95b
[344/500] Skipping (exists): 1239465045653f5958cf73b77f74f8ef
[345/500] Skipping (exists): 2fbae2654c1d3138aa97527ebf51efdb
[346/500] Skipping (exists): 7d9ef8f866b1ea5adddf0852b041de6e
[347/500] Skipping (exists): 0e2c6acbe671f2736a3fa67d3db67aa0
[348/500] Skipping (exists): 6f08d5ebbbd4b0bad7ab1cb1443a6e6e
[349/500] Skipping (exists): d0a9b29396a52afb864ba2e120f665dc
[350/500] Skipping (exists): 016b8f1d2207c9bfa405d305cadd3ae9
[351/500] Skipping (exists): 595a50cbffb6c1f488b3f99c67a40d96
[352/500] Skipping (exists): df44d2764edad5480eca6595d8565f6f
[353/500] Skipping (exists): 50331f43be7a50da4eff51799b7f2369
[354/500] Skipping (exists): e36a8e52e431c9e4c4f1d615072a5522
[355/500] Skipping (exists): e20ea41bf5f22957cdde4236172b8554
[356/500] Skipping (exists): d9485940888aca02b247a97b9a8a4457
[357/500] Skipping (exists): af280bea45f75ddf30ddc6cb0c546980
[358/500] Skipping (exists): 719e67d9c079698db664323864066714
[359/500] Skipping (exists): 8a9bf57617dbef6a5213408897efeabe
[360/500] Skipping (exists): 4d9ae6b6b963e83f0a05c20b21a0e8f1
[361/500] Skipping (exists): 537ab5a4d8d7e424b5fe3a581a678251
[362/500] Skipping (exists): ff825663428d986bc4ad8b7e1831756a
[363/500] Skipping (exists): 9ffb775388ce7172c257ff157a7b194f
[364/500] Downloading: https://www.odu.edu/interdisciplinary-schools
  ✓ Saved to 82e3e49ce65b12911bc03aa56ffb0837.html
[365/500] Skipping (exists): a18eac4174928e251df94b3b2a6188f5
[366/500] Skipping (exists): 6f4de74548facc9d89e082dd161c19a2
[367/500] Downloading: https://www.odu.edu/international-collaborations/calendar
  ✓ Saved to 97d39915ebac6a1c91df13db32038a7c.html
[368/500] Skipping (exists): f4597580756684633c38c838e6b30a67
[369/500] Skipping (exists): c68d0c49d2505795125ab9543d9c976e
[370/500] Skipping (exists): fa53107082927b1a7dd6173d2976aa13
[371/500] Skipping (exists): fef14b25fb779611bd47b73150603a8f
[372/500] Skipping (exists): 0089addb16de18d4a2d66fcb38b15617
[373/500] Skipping (exists): 0c2b505497a89a98319b4f770035accd
[374/500] Skipping (exists): 6835bb48f9107f081baf75bc2f366e43
[375/500] Skipping (exists): 235cff66c1d0ea85a2a1a79bec9f83e0
[376/500] Skipping (exists): b047c03cb5117fe6d41edab9046bc2dc
[377/500] Skipping (exists): 32431d8853c43652d2a0ffa39d66dffb
[378/500] Skipping (exists): 810c6e329757746cf3f786cbda7b6203
[379/500] Skipping (exists): 857f6b3e59e52acb2a1effdbe3d6358c
[380/500] Skipping (exists): 6e92832ff8be56c61b422b05bb885a2d
[381/500] Skipping (exists): a8cbc5fb7ae460ff0dc10c602e02e494
[382/500] Skipping (exists): 94384b13e44f19d38cec7d6c6df0cd3b
[383/500] Skipping (exists): 009478e2c37d0be2c271847003f3a846
[384/500] Skipping (exists): a83ae03131ad1278e269350096ab1a98
[385/500] Skipping (exists): d6fae5a16ef45e8fc95503205e620fb1
[386/500] Skipping (exists): 3639a8292bd7a8656eecd4542aeccbc0
[387/500] Skipping (exists): 4a6d9738b1df4ebd8617742bf2c2ce81
[388/500] Skipping (exists): 1cb2fd3c3c5f25ebd08d1293958260aa
[389/500] Skipping (exists): 4feec12384e94775ad61c7ad01735b3f
[390/500] Skipping (exists): 1db30f1522c03ef564b72f12b99a1efb
[391/500] Skipping (exists): 9e5a32e0e2772d32dbdea42c5b2620c1
[392/500] Skipping (exists): 557b6e19c2ea32ccf60e4fc417c54fae
[393/500] Skipping (exists): ff4c9d2effdf89aec11d3fa729de0c1d
[394/500] Skipping (exists): c2a560830a089a777e1ca6f22f20f8bb
[395/500] Skipping (exists): fe3753696825de9fdf21c62359e6b845
[396/500] Skipping (exists): fd7aa833b546a64fe6e18f77a3ba4cd1
[397/500] Skipping (exists): 53943b3f5b094d68120dad72b0071023
[398/500] Skipping (exists): 9bfdacd3d86ec39077c29cfd895e0f4c
[399/500] Skipping (exists): 0566517a31e86f49323a53cbfaa8632b
[400/500] Skipping (exists): 203732ce3777ebad30ce2b7848e6e6f0
[401/500] Skipping (exists): 7f9033e0ab82a36dce26dcb20801058c
[402/500] Skipping (exists): cd679cd23e15cd2ca5dec27e6e0dbfc3
[403/500] Skipping (exists): 41a68d9a69c610d156a6bf870f0aa8c0
[404/500] Skipping (exists): d8eaeaa4000edfff8c0c923dcd0302ab
[405/500] Skipping (exists): 9968e5581ada8b2b05972549efa4494c
[406/500] Skipping (exists): 439ec0acb4c753f9acc590315bee3d97
[407/500] Skipping (exists): f13a68d2667f6b2b164405e2a23dc10d
[408/500] Skipping (exists): c8f2106ddf2ef233e7f75e5dbefe57a0
[409/500] Skipping (exists): 479dd323d2f8c2675c2df831d3353079
[410/500] Skipping (exists): a834f33a4574fab94f8d5a3f0dfb6e21
[411/500] Skipping (exists): e09553b7d2ef87e11c695499c2dd53f0
[412/500] Skipping (exists): f1ae348007a618a05f4f487cc931c0c3
[413/500] Skipping (exists): 660252a2218fd72a701b7f797e974758
[414/500] Skipping (exists): f8d5fc0b0423086b3dad5101d9ebf10b
[415/500] Skipping (exists): 95697c74f3429c56bfea26d4f3cdbc2f
[416/500] Skipping (exists): dbb0b8a260ef990eae07ee061bfdccf6
[417/500] Skipping (exists): 6805363a7effb848c67edc5b3322e6ab
[418/500] Skipping (exists): 4b2d35927a209fc509fccef6891290f3
[419/500] Skipping (exists): b0115929a1674192c5c191960040ff0a
[420/500] Downloading: https://www.odu.edu/recreation-wellness/sports-fitness/intramural-sports
  ✓ Saved to 097825d72d05ff49a1cd59007360d42b.html
[421/500] Skipping (exists): 03a973e1801d86168cea38b382c80bb2
[422/500] Skipping (exists): 598492e39831f2ce8ed0b069d8aaf0e0
[423/500] Skipping (exists): 5f93ab0387b5d2bf7b7375788c8e2eae
[424/500] Skipping (exists): 36d8952b31db1b16fa6439e004f525ed
[425/500] Skipping (exists): d1bee9dee87fdc73055d081090286380
[426/500] Skipping (exists): 807fa32684bd174e40cb3322817e7c46
[427/500] Skipping (exists): e0a11c4f5a0740220b3dd72d6b299194
[428/500] Skipping (exists): 153e7eebe45ef7eae023a5c53f0d5acc
[429/500] Skipping (exists): f6fe1f7904be9647a826e9ca1eb24c73
[430/500] Skipping (exists): a918e414272be3568c04e180bdf06634
[431/500] Skipping (exists): 7ca62538bf3ed49acf82adf9188e71cd
[432/500] Skipping (exists): 72d8ceaac7f7d0300e0af0561e0762c6
[433/500] Skipping (exists): 06d81cf259dc054d77ae3682aae09e65
[434/500] Skipping (exists): bda4a723ff7a1c7699d4ac652ac047b4
[435/500] Skipping (exists): 8935278f54f4efc190110b801b344a50
[436/500] Skipping (exists): 4a45551302a8bc5a1029c4842c94b2e4
[437/500] Skipping (exists): 0463ee2ca82e5ffe3f1e4fc4d3117a1c
[438/500] Skipping (exists): 7d00d7c28eeec07e8bf22425fee4749d
[439/500] Skipping (exists): 1dc10a15ea758edc74cd94fa78a42bc1
[440/500] Downloading: https://www.odu.edu/sci/academics/undergraduate
  ✓ Saved to 1c7a29c459f99ab08fbb7fa582862f2d.html
[441/500] Skipping (exists): 328eb1a0d15d44ce77437321078d662b
[442/500] Skipping (exists): 89eb4e58981b4a458992d63631d71a69
[443/500] Skipping (exists): 28f214a45422d5f358a47d19f7799de3
[444/500] Skipping (exists): 171f343ca16cbca4372e73d0d745210f
[445/500] Skipping (exists): d1504625502337a304af3d5e3cdbbd46
[446/500] Skipping (exists): 182e0e8b99ed00d208494749b58fae27
[447/500] Skipping (exists): 148b7f254ff6d3916dea133230431320
[448/500] Skipping (exists): b526d61a4640051166736fd9bb071f9a
[449/500] Skipping (exists): 8eb92e47c09a49200a9f0fdfe59bed94
[450/500] Skipping (exists): 8b62199c5edf70fd091d80548d24503d
[451/500] Skipping (exists): e49ac7b0c07dfc662bdd7421a095227c
[452/500] Skipping (exists): a03ec7966ef9771b99aa86f868755361
[453/500] Skipping (exists): 1f284e68eb3e7db2066294c652ff60fe
[454/500] Skipping (exists): 8b100ed8656f043bf84d3e8b43b56088
[455/500] Skipping (exists): d5eb62622fdc808232786eb98d4e58b5
[456/500] Skipping (exists): 73828bafc8aca94ce8910b288cfd68ca
[457/500] Skipping (exists): d500425d77cdf870e8f67f0951e481e0
[458/500] Skipping (exists): 6c1121ed8accf1957d60f0f9ac7a7d78
[459/500] Skipping (exists): f796963f93c838562c01ec5ad207c24d
[460/500] Skipping (exists): e76fbc83bd913eac1ac6860fad8ba079
[461/500] Skipping (exists): 368400fbd432a5b23ee94dc2885ebba8
[462/500] Skipping (exists): 07fe21d4edf569992b1818cdec2a77f9
[463/500] Skipping (exists): b05618eb99843b3355d92c57ac809880
[464/500] Skipping (exists): 229a6cef5aabbf1ea6163e5cf3a080dd
[465/500] Skipping (exists): aef921caf82ad75ecfa3c207ce6e5fbd
[466/500] Skipping (exists): c5221b844e57a037b76df93892ba38fe
[467/500] Skipping (exists): c93cd03860f645ff09a5d64b746a1a5c
[468/500] Skipping (exists): b87902d776be34059c42902caa6ba9f2
[469/500] Skipping (exists): 256563647a26637f635de2aee590c80b
[470/500] Skipping (exists): 9ebf27b6e5995049b542fe4a5c3e8a31
[471/500] Skipping (exists): 84d5cacd3b11fac237453301cd732241
[472/500] Skipping (exists): f49d97e18065d6dd2f96aac798c3d8de
[473/500] Skipping (exists): 028d8ed219b0de805078bcbcd27f27ba
[474/500] Skipping (exists): add05c4df5d2057c6d61b92e96df22ec
[475/500] Skipping (exists): 474278cedf84cc44ad92102a3e8d8a9b
[476/500] Skipping (exists): 8c19ebcb203e40b1497962ca9188fd64
[477/500] Skipping (exists): f92ed792643d4a976111ed3277443042
[478/500] Skipping (exists): d7b947ce28f783105a552019de60f66e
[479/500] Skipping (exists): 82e1916229ff13f81bd8122a0fa5c7fb
[480/500] Skipping (exists): 2a3fdce36464fcc3957a9d79a267e287
[481/500] Skipping (exists): 1813c942a884dff3f78afcf8b99fca20
[482/500] Skipping (exists): b9f73178c0bda81e973ef95780189b6f
[483/500] Skipping (exists): 2f4731c52810e3b20093cb847015f5b5
[484/500] Skipping (exists): d34e9d1d5942356bd04381ca6f57f3df
[485/500] Skipping (exists): db35afc273ac5d2f1ccadbb3f573855e
[486/500] Skipping (exists): 3903bee01be9030c6b7d1f0669e0fadf
[487/500] Skipping (exists): ed45eed89251d567fd51e51a9504a089
[488/500] Skipping (exists): 79dbd0919f541be416d61bbdbf943bac
[489/500] Skipping (exists): 8883655f73a0adac252d12acb30fdc64
[490/500] Skipping (exists): 42f3953f4c524c73acd4e64b93cb3cc5
[491/500] Skipping (exists): 87f1a48a39dc2b93b6a5bd91adca69d6
[492/500] Skipping (exists): c93e08681d4df708cd14f44b9265d04e
[493/500] Skipping (exists): 6437136d1aae6fa39e08b39ce4f155e6
[494/500] Skipping (exists): 68a5e99fb8125b8150985acdc9bb7ea4
[495/500] Skipping (exists): 9139debb1c031b2eff680f5312990ad6
[496/500] Skipping (exists): 601fcd5246a597f54b9aacb0e7843c71
[497/500] Skipping (exists): 8d1ed3855185e7e0f42d7b61134efc70
[498/500] Skipping (exists): 5985334de3e0af8730ae8a140c7d2719
[499/500] Skipping (exists): 3526e9e40fb541d398093c4a69092245
[500/500] Skipping (exists): 8cd90a0d9df7e687c57dfa37da065c4c

============================================================
Download complete!
Successful: 497
Failed: 3
Total: 500
Mapping saved to: uri_mapping.txt
HTML files saved to: raw_html/
============================================================
