Found 500 URIs to download
[1/500] Downloading: https://catalog.odu.edu/
  ✓ Saved to 3c3ed3d4b5c6291d7dde704d5248f81f.html
[2/500] Downloading: https://catalog.odu.edu/azindex/
  ✓ Saved to 751e84ab3e56fc5b16c7a2180285b526.html
[3/500] Downloading: https://catalog.odu.edu/courses/
  ✓ Saved to 127045c75b1e05f4289215dd09ae9634.html
[4/500] Downloading: https://catalog.odu.edu/courses/cs/
  ✓ Saved to edf936c8d947edce4fa14c3e599082f6.html
[5/500] Downloading: https://catalog.odu.edu/graduate/sciences/computer-science/computer-science-phd/
  ✓ Saved to e695dacd3d44a8b8e2436580e758b919.html
[6/500] Downloading: https://catalog.odu.edu/programs/
  ✓ Saved to 05c9b37348adadbccf2fc85e90837f38.html
[7/500] Downloading: https://catalog.odu.edu/undergraduate/
  ✓ Saved to 98269e06133e0b1eed0df4fd6e986768.html
[8/500] Downloading: https://catalog.odu.edu/undergraduate/academiccalendar/
  ✓ Saved to 6719f77e452fc33c9b988df95eb37aa9.html
[9/500] Downloading: https://catalog.odu.edu/undergraduate/admissiontoolddominion/
  ✓ Saved to 3473d3e8aacec289efa0e8d2732fc1e4.html
[10/500] Downloading: https://catalog.odu.edu/undergraduate/arts-letters/
  ✓ Saved to a269f02efd4cac9dbbc0c250d5b7b95b.html
[11/500] Downloading: https://catalog.odu.edu/undergraduate/arts-letters/african-american-studies/
  ✓ Saved to 4be79d8f210eefd73707f8c8cb9ce132.html
[12/500] Downloading: https://catalog.odu.edu/undergraduate/arts-letters/art/
  ✓ Saved to c0b2f61e9bcd9d4fc97655220ba65af5.html
[13/500] Downloading: https://catalog.odu.edu/undergraduate/arts-letters/asian-studies/
  ✓ Saved to 13aa6a118c466ac62169aacc3f3ec219.html
[14/500] Downloading: https://catalog.odu.edu/undergraduate/arts-letters/communication-theatre-arts/
  ✓ Saved to 3b724e6d9bdb4158c4d6c003b7ea9718.html
[15/500] Downloading: https://catalog.odu.edu/undergraduate/arts-letters/english/
  ✓ Saved to 84255c85b8698a373f281ac9393d28ab.html
[16/500] Downloading: https://catalog.odu.edu/undergraduate/arts-letters/history/
  ✓ Saved to b723c0a6b322478652e00a3adc536572.html
[17/500] Downloading: https://catalog.odu.edu/undergraduate/arts-letters/humanities/
  ✓ Saved to 171a8a3a7ddbb1032911e125b925f6de.html
[18/500] Downloading: https://catalog.odu.edu/undergraduate/arts-letters/interdisciplinary-studies/
  ✓ Saved to ef0be29f98f0c3c29a567f8d1525b002.html
[19/500] Downloading: https://catalog.odu.edu/undergraduate/arts-letters/music/
  ✓ Saved to 339b663c1c7f56a85cc92a40a227cf0f.html
[20/500] Downloading: https://catalog.odu.edu/undergraduate/arts-letters/philosophy-religious-studies/
  ✓ Saved to 7cdbe28bd7fd9e8622a9995715114db9.html
[21/500] Downloading: https://catalog.odu.edu/undergraduate/arts-letters/political-science-geography/
  ✓ Saved to af888c7fcafacf20341e8b65b67d354c.html
[22/500] Downloading: https://catalog.odu.edu/undergraduate/arts-letters/sociology-criminal-justice/
  ✓ Saved to 7ec366e5020adce458a4b28100e1f36c.html
[23/500] Downloading: https://catalog.odu.edu/undergraduate/arts-letters/womens-studies/
  ✓ Saved to eec2a1783980371f8e97071d82d429d4.html
[24/500] Downloading: https://catalog.odu.edu/undergraduate/arts-letters/world-languages-cultures/
  ✓ Saved to 712097dc3eb1c8c55094f5258d84fd98.html
[25/500] Downloading: https://catalog.odu.edu/undergraduate/business/
  ✓ Saved to e4f48c51447d0eaeddabb81a68e48dae.html
[26/500] Downloading: https://catalog.odu.edu/undergraduate/business/accounting/
  ✓ Saved to 69318110e2ae6793ccbaa86578c9d61a.html
[27/500] Downloading: https://catalog.odu.edu/undergraduate/business/economics/
  ✓ Saved to e6a8c147d73480c07ece3498d9401978.html
[28/500] Downloading: https://catalog.odu.edu/undergraduate/business/financial-management/
  ✓ Saved to 172480efeaa0d98a7987f2d13ec04dba.html
[29/500] Downloading: https://catalog.odu.edu/undergraduate/business/information-systems-technology/
  ✓ Saved to f3f0318612c9f63af07d12936e9bd0bf.html
[30/500] Downloading: https://catalog.odu.edu/undergraduate/business/management/
  ✓ Saved to 0cab10ffdf621c57d430c379de73fc00.html
[31/500] Downloading: https://catalog.odu.edu/undergraduate/business/marketing/
  ✓ Saved to aaf92d0f177be659ccd6fff1f839146d.html
[32/500] Downloading: https://catalog.odu.edu/undergraduate/business/military-science-leadership/
  ✓ Saved to 41ad3e0f99b157092624e7c5eab0a68a.html
[33/500] Downloading: https://catalog.odu.edu/undergraduate/cybersecurity/
  ✓ Saved to a121319582f50d66d4048868a97c202a.html
[34/500] Downloading: https://catalog.odu.edu/undergraduate/data-science/
  ✓ Saved to c0617c260022183eb1cb3be16fd4a533.html
[35/500] Downloading: https://catalog.odu.edu/undergraduate/general-education-requirements/
  ✓ Saved to ec5897469117373db12a4df05490373d.html
[36/500] Downloading: https://catalog.odu.edu/undergraduate/olddominionuniversity/
  ✓ Saved to 9dbe16684982fa1e2575333bda9e4da7.html
[37/500] Downloading: https://catalog.odu.edu/undergraduate/policies/
  ✓ Saved to bb56bf964f4af2151f235eb84ed8d3cf.html
[38/500] Downloading: https://catalog.odu.edu/undergraduate/policies/academic-policies/
  ✓ Saved to ac24f669de9b77887d9fe85415fb85c3.html
[39/500] Downloading: https://catalog.odu.edu/undergraduate/policies/university-policies/
  ✓ Saved to ecb48a4c7e91cb534fcce0355326043f.html
[40/500] Downloading: https://catalog.odu.edu/undergraduate/registrationrequirementsandprocedures/
  ✓ Saved to cca25aece2c08945274919fa6c14b941.html
[41/500] Downloading: https://catalog.odu.edu/undergraduate/registrationrequirementsandprocedures/linked_programs/
  ✓ Saved to dede88447d661f9afb46cc0742ae7501.html
[42/500] Downloading: https://catalog.odu.edu/undergraduate/sciences/
  ✓ Saved to abcbf44be98a0c301592490c58805586.html
[43/500] Downloading: https://catalog.odu.edu/undergraduate/sciences/computer-science/computer-science-bscs/
  ✓ Saved to 9a07574941ac6d8fbda44ec7ea52b0b9.html
[44/500] Downloading: https://catalog.odu.edu/undergraduate/studentfinancialaid/
  ✓ Saved to f8d5b9d5f1efef4cadd56f1bcd132b75.html
[45/500] Downloading: https://catalog.odu.edu/undergraduate/studentresourcesandservices/
  ✓ Saved to ae2703abbfb990fb34c5f1e3800a5ba5.html
[46/500] Downloading: https://catalog.odu.edu/undergraduate/tuitionfeesandfinancialinformation/
  ✓ Saved to 5b3dc312b94c488a56040309e01c96b3.html
[47/500] Downloading: https://computer-science-schools.com/old-dominion-university
  ✓ Saved to 95edd602f1c5a10ffa16ced364723959.html
[48/500] Downloading: https://docs.google.com/forms/d/e/1FAIpQLSfHtC82HJIgn500NjF1X0aWCHkk7VYn5Gn3Oo1ss_U8WkVXbg/viewform
  ✓ Saved to 7c3d402518df7003a8aa5c521f34d3dd.html
[49/500] Downloading: https://docs.google.com/viewer?url=https%3A%2F%2Funiversity.linkedin.com%2Fcontent%2Fdam%2Funiversity%2Fglobal%2Fen_US%2Fsite%2Fpdf%2FTipSheet_BuildingaGreatProfile.pdf
  ✓ Saved to ec010dd88220e420256a1552b3213fc0.html
[50/500] Downloading: https://get.adobe.com/reader/
  ✓ Saved to 1d00962e2a7929685bc9eb4722a98fa9.html
[51/500] Downloading: https://give.odu.edu/
  ✓ Saved to a9c37e7098152f03c3ad2f6300200cae.html
[52/500] Downloading: https://give.odu.edu/about-our-campaign
  ✓ Saved to d03fedd811983808ab9cbe760082668b.html
[53/500] Downloading: https://give.odu.edu/article/milestone-moment-odu-and-evms-announce-historic-naming-gifts-at-community-celebration
  ✓ Saved to 0574c6441a54955bd9347ee8d08b1c4d.html
[54/500] Downloading: https://give.odu.edu/article/odu-receives-5-million-mellon-foundation-award-to-fund-humanities-internships
  ✓ Saved to 788d64fc0364f4a8dfa407299b3f2c83.html
[55/500] Downloading: https://give.odu.edu/news
  ✓ Saved to 75ccd3d0105f16c860e14e50e3324e89.html
[56/500] Downloading: https://give.odu.edu/support-academic-excellence
  ✓ Saved to 873827c0f74319fd039767cab268b8b6.html
[57/500] Downloading: https://give.odu.edu/support-athletics
  ✓ Saved to be5e55fcc42fe63cdaa55921eeeb812e.html
[58/500] Downloading: https://give.odu.edu/support-healthcare
  ✓ Saved to 682fd73fbde597a6ead66718cfc5fb0e.html
[59/500] Downloading: https://give.odu.edu/support-research
  ✓ Saved to d280b29a913f8d46d344973171bd0abb.html
[60/500] Downloading: https://give.odu.edu/support-student-success
  ✓ Saved to cba3fee7775785371ee0fdbfab2dfb14.html
[61/500] Downloading: https://give.odu.edu/ways-to-give
  ✓ Saved to c7c5e369813f5d558689ef84741e6d9a.html
[62/500] Downloading: https://give.odu.edu/why-give
  ✓ Saved to 09888b1bd9e7fe4160d457f2f9f36fd1.html
[63/500] Downloading: https://govlab.hks.harvard.edu/
  ✓ Saved to 2f8364ee9ec945cd0fd87b99fd1a15e5.html
[64/500] Downloading: https://mahmoudkanazzal.github.io/
  ✓ Saved to d92f56894fbffc52260512c859e2b170.html
[65/500] Downloading: https://odu.campusgroups.com/csgs/home/
  ✗ Error: 403 Client Error: Forbidden for url: https://odu.c
[66/500] Downloading: https://oduwsdl.github.io/
  ✓ Saved to dd2ca8a9bdcf1ac933c7741dfb8ce18e.html
[67/500] Downloading: https://online.odu.edu/
  ✓ Saved to 1201dfbb4678715df63998d245f032d3.html
[68/500] Downloading: https://online.odu.edu/academics
  ✓ Saved to b8d597ae5a696d44822eb8287410ecbc.html
[69/500] Downloading: https://online.odu.edu/academics/area/business-management
  ✓ Saved to 22a36874d507a1b7852f507b7e4c122a.html
[70/500] Downloading: https://online.odu.edu/academics/area/communication-writing
  ✓ Saved to 1cda585d00a60b95d32139505d008c3a.html
[71/500] Downloading: https://online.odu.edu/academics/area/computer-science-math
  ✓ Saved to 74da26bbdc94017c70adc6be2ecbea0d.html
[72/500] Downloading: https://online.odu.edu/academics/area/education
  ✓ Saved to 9fc1de8a27cd8d68904c5d3ed88f9a08.html
[73/500] Downloading: https://online.odu.edu/academics/area/engineering
  ✓ Saved to 3302b18f4541b4f4102b9b1d21f0c6b3.html
[74/500] Downloading: https://online.odu.edu/academics/area/health-science-nursing
  ✓ Saved to 98e1783dc16b85c76151e76c70c02b44.html
[75/500] Downloading: https://online.odu.edu/academics/area/medical-health-professions-education
  ✓ Saved to 2bf27f4f218d437374c4329c91ca6644.html
[76/500] Downloading: https://online.odu.edu/academics/area/medical-science
  ✓ Saved to 204eed662fbf733dfdf721682f064ddc.html
[77/500] Downloading: https://online.odu.edu/academics/area/military-related
  ✓ Saved to 44766778219d7e3c0d37c2a8e52af8bb.html
[78/500] Downloading: https://online.odu.edu/academics/area/social-sciences
  ✓ Saved to f7c5749b55f3cc79d607e34d9caa8f67.html
[79/500] Downloading: https://online.odu.edu/academics/degree/bachelors-online-degree-programs
  ✓ Saved to ca72535c019051e7717f7618b00d1969.html
[80/500] Downloading: https://online.odu.edu/academics/degree/certificates
  ✓ Saved to 59905ca637b54e8e9850ed670a1c6b26.html
[81/500] Downloading: https://online.odu.edu/academics/degree/doctorate-ed-specialist
  ✓ Saved to 2d06243fd100b1eae438c310c3414df2.html
[82/500] Downloading: https://online.odu.edu/academics/degree/endorsements
  ✓ Saved to 554a8e3b0af90c4285557c62bbac9d17.html
[83/500] Downloading: https://online.odu.edu/academics/degree/masters-degrees
  ✓ Saved to aa1578abcba147bec7d31edfc9d6c499.html
[84/500] Downloading: https://online.odu.edu/academics/degree/minors
  ✓ Saved to f94683b8bcb3e7a8e04c90b7b0275fc2.html
[85/500] Downloading: https://online.odu.edu/academics/programs/cybersecurity-certificate
  ✓ Saved to 310d73b8d1b4933a55c825448c14b74c.html
[86/500] Downloading: https://online.odu.edu/academics/undecided
  ✓ Saved to 250a8c6c054eaa20c4ec36ffa21992df.html
[87/500] Downloading: https://online.odu.edu/admissions
  ✓ Saved to 46e9613fbbc99c9bb7777db48fff3456.html
[88/500] Downloading: https://online.odu.edu/admissions/application-dates-deadlines
  ✓ Saved to 754fdc4bc0d4696145e8e22005c7e063.html
[89/500] Downloading: https://online.odu.edu/admissions/apply-now
  ✓ Saved to 3d19dd84cd261b9fb7e551c477f2c087.html
[90/500] Downloading: https://online.odu.edu/admissions/graduate-admissions
  ✓ Saved to b78ef5e2a6548a4696429e11c2b2e07e.html
[91/500] Downloading: https://online.odu.edu/admissions/how-succeed-oduglobal-student
  ✓ Saved to 0e8dba2db9df747f2b8fd57d7336db21.html
[92/500] Downloading: https://online.odu.edu/admissions/international-admissions
  ✓ Saved to 74fd92c7eadc0a9661295c6af407db22.html
[93/500] Downloading: https://online.odu.edu/admissions/military-admissions
  ✓ Saved to f27c31532c964d59f64cc56cd1562320.html
[94/500] Downloading: https://online.odu.edu/admissions/new-enrollment-checklist
  ✓ Saved to a51e6a97cd474c064846d7c297f4db93.html
[95/500] Downloading: https://online.odu.edu/admissions/non-degree-admissions
  ✓ Saved to aead3cbf119419e2afec94bb957b46d3.html
[96/500] Downloading: https://online.odu.edu/admissions/policies-and-student-responsibilities
  ✓ Saved to 0caa4b6819abb9a7f82ec301621b42de.html
[97/500] Downloading: https://online.odu.edu/admissions/transfer-admissions
  ✓ Saved to 0139e9a5e6882209231185b3143a5c0a.html
[98/500] Downloading: https://online.odu.edu/admissions/undergraduate-admissions
  ✓ Saved to dd43b1d7e17786f64c83c681616738d3.html
[99/500] Downloading: https://online.odu.edu/continuing-education
  ✓ Saved to b40fc3df0550267698e8d35e6510d6a2.html
[100/500] Downloading: https://online.odu.edu/cost
  ✓ Saved to fbc5aceb7e27ba8cef9e1d769cb2c2cc.html
[101/500] Downloading: https://online.odu.edu/cost/scholarships
  ✓ Saved to 2dd0644f7d960c1130a2f842a3ddf1d5.html
[102/500] Downloading: https://online.odu.edu/info-current-students
  ✓ Saved to 0642832fd8b396453b6419d8e63a7189.html
[103/500] Downloading: https://online.odu.edu/info-degree-completion
  ✓ Saved to 53beb92a874eca98ca4f75d82915dd07.html
[104/500] Downloading: https://online.odu.edu/info-future-students
  ✓ Saved to 8bd283c5ac392610d3bf811617be53b2.html
[105/500] Downloading: https://online.odu.edu/info-graduate-students
  ✓ Saved to 166567ee32dd99eb2ce9381dc4cef670.html
[106/500] Downloading: https://online.odu.edu/info-international-students
  ✓ Saved to 2e9672848ee874fbf26ebfa5093871c0.html
[107/500] Downloading: https://online.odu.edu/info-transfer-students
  ✓ Saved to b60ca9e8c0a1f09b1a108ffaf29ae590.html
[108/500] Downloading: https://online.odu.edu/inquiries
  ✓ Saved to 78cc9ec18f0bfaa18b3b1cee0d7a602d.html
[109/500] Downloading: https://online.odu.edu/military
  ✓ Saved to d057c3c5c72f5200bcd08a3c5636d8c8.html
[110/500] Downloading: https://online.odu.edu/news/path-success-navy-veteran-earns-citizenship-degree-through-oduglobal
  ✓ Saved to b42a02f2e95bb8a1347324393a137f7d.html
[111/500] Downloading: https://online.odu.edu/online-experience/taking-classes-online/8-week-asynchronous
  ✓ Saved to a5b3adc6acb894c87b22e1f87dcd3277.html
[112/500] Downloading: https://online.odu.edu/partners/academic-partnerships/out-of-state
  ✓ Saved to 98a92b3751aac749dea40e29a084b4b8.html
[113/500] Downloading: https://online.odu.edu/summer-studies
  ✓ Saved to b3fbd0f4c9dfea7447801807ee817223.html
[114/500] Downloading: https://plannedgiving.odu.edu/
  ✓ Saved to c40b81f2ae7dece336563eeb95e19d32.html
[115/500] Downloading: https://recwellportal.odu.edu/
  ✓ Saved to 1601298a8b5a0bfc64297d2ff170cb5d.html
[116/500] Downloading: https://recwellportal.odu.edu/program?classificationId=67d40ac0-c1bd-42cf-a326-d41a949234e9
  ✓ Saved to c4dcb22ebd6908f82eb8def30c622f98.html
[117/500] Downloading: https://s.visitdays.com/olddominion/ci/tmtfvstlnn
  ✓ Saved to c7e56ab2204f16911bfce14c865a3525.html
[118/500] Downloading: https://spacegrant.net/apps/?pk=vsgcmt
  ✓ Saved to 19fe7b04e45a1f08515714621a0873a1.html
[119/500] Downloading: https://spacegrant.net/apps/blast3
  ✓ Saved to cc9d31d2c54289c65cc98e672e7ba7fc.html
[120/500] Downloading: https://storymaps.arcgis.com/stories/ff4860892e5c44d0a8fd504309bf1b01
  ✓ Saved to c6cb43210af0a2e8b0d360aefe4cd41c.html
[121/500] Downloading: https://vsgc.odu.edu/
  ✓ Saved to 4b24b4ae8d2ac59655f79c88da53095e.html
[122/500] Downloading: https://vsgc.odu.edu/blast/
  ✓ Saved to 035e6b199bf5201db0320e92b8444c31.html
[123/500] Downloading: https://vsgc.odu.edu/csiip/
  ✓ Saved to 47ea71d9976451496b3fd62183f8c9b0.html
[124/500] Downloading: https://vsgc.odu.edu/graduatefellowships/
  ✓ Saved to 89d8e8c822467aa60b1578776e861ffa.html
[125/500] Downloading: https://vsgc.odu.edu/new-investigator-program/